-- The C compiler identification is GNU 13.3.0
-- The CXX compiler identification is GNU 13.3.0
-- Detecting C compiler ABI info
-- Detecting C compiler ABI info - done
-- Check for working C compiler: /usr/bin/cc - skipped
-- Detecting C compile features
-- Detecting C compile features - done
-- Detecting CXX compiler ABI info
-- Detecting CXX compiler ABI info - done
-- Check for working CXX compiler: /usr/bin/c++ - skipped
-- Detecting CXX compile features
-- Detecting CXX compile features - done
-- Found ament_cmake: 2.5.6 (/opt/ros/jazzy/share/ament_cmake/cmake)
-- Found Python3: /usr/bin/python3 (found version "3.12.3") found components: Interpreter 
-- Found rclcpp: 28.1.18 (/opt/ros/jazzy/share/rclcpp/cmake)
-- Found rosidl_generator_c: 4.6.7 (/opt/ros/jazzy/share/rosidl_generator_c/cmake)
-- Found rosidl_generator_cpp: 4.6.7 (/opt/ros/jazzy/share/rosidl_generator_cpp/cmake)
-- Using all available rosidl_typesupport_c: rosidl_typesupport_fastrtps_c;rosidl_typesupport_introspection_c
-- Using all available rosidl_typesupport_cpp: rosidl_typesupport_fastrtps_cpp;rosidl_typesupport_introspection_cpp
-- Found rmw_implementation_cmake: 7.3.3 (/opt/ros/jazzy/share/rmw_implementation_cmake/cmake)
-- Found rmw_fastrtps_cpp: 8.4.3 (/opt/ros/jazzy/share/rmw_fastrtps_cpp/cmake)
-- Found OpenSSL: /usr/lib/x86_64-linux-gnu/libcrypto.so (found version "3.0.13")  
-- Found FastRTPS: /opt/ros/jazzy/include (Required is at least version "2.13") 
-- Using RMW implementation 'rmw_fastrtps_cpp' as default
-- Found std_msgs: 5.3.7 (/opt/ros/jazzy/share/std_msgs/cmake)
-- Found std_srvs: 5.3.7 (/opt/ros/jazzy/share/std_srvs/cmake)
-- Configuring done (1.0s)
-- Generating done (0.0s)
-- Build files have been written to: /home/geet/Downloads/fleet_ws/build/drone_fleet
[  7%] [32mBuilding CXX object CMakeFiles/drone_lib.dir/src/vehicle.cpp.o[0m
[ 15%] [32mBuilding CXX object CMakeFiles/drone_lib.dir/src/drone.cpp.o[0m
[ 23%] [32mBuilding CXX object CMakeFiles/drone_lib.dir/src/autonomous_drone.cpp.o[0m
[ 30%] [32mBuilding CXX object CMakeFiles/drone_lib.dir/src/mission_drone.cpp.o[0m
[ 38%] [32mBuilding CXX object CMakeFiles/fleet_manager.dir/src/fleet_manager.cpp.o[0m
[ 46%] [32mBuilding CXX object CMakeFiles/health_monitor.dir/src/health_monitor.cpp.o[0m
[ 53%] [32m[1mLinking CXX static library libdrone_lib.a[0m
[ 53%] Built target drone_lib
[ 61%] [32mBuilding CXX object CMakeFiles/drone_node.dir/src/drone_node.cpp.o[0m
[ 69%] [32mBuilding CXX object CMakeFiles/drone_demo.dir/src/main.cpp.o[0m
[ 76%] [32m[1mLinking CXX executable drone_demo[0m
[ 76%] Built target drone_demo
[ 84%] [32m[1mLinking CXX executable drone_node[0m
[ 84%] Built target drone_node
[ 92%] [32m[1mLinking CXX executable health_monitor[0m
[ 92%] Built target health_monitor
[100%] [32m[1mLinking CXX executable fleet_manager[0m
[100%] Built target fleet_manager
-- Install configuration: ""
-- Installing: /home/geet/Downloads/fleet_ws/install/drone_fleet/lib/drone_fleet/drone_demo
-- Set non-toolchain portion of runtime path of "/home/geet/Downloads/fleet_ws/install/drone_fleet/lib/drone_fleet/drone_demo" to ""
-- Installing: /home/geet/Downloads/fleet_ws/install/drone_fleet/lib/drone_fleet/drone_node
-- Set non-toolchain portion of runtime path of "/home/geet/Downloads/fleet_ws/install/drone_fleet/lib/drone_fleet/drone_node" to ""
-- Installing: /home/geet/Downloads/fleet_ws/install/drone_fleet/lib/drone_fleet/fleet_manager
-- Set non-toolchain portion of runtime path of "/home/geet/Downloads/fleet_ws/install/drone_fleet/lib/drone_fleet/fleet_manager" to ""
-- Installing: /home/geet/Downloads/fleet_ws/install/drone_fleet/lib/drone_fleet/health_monitor
-- Set non-toolchain portion of runtime path of "/home/geet/Downloads/fleet_ws/install/drone_fleet/lib/drone_fleet/health_monitor" to ""
-- Installing: /home/geet/Downloads/fleet_ws/install/drone_fleet/share/drone_fleet/launch
-- Installing: /home/geet/Downloads/fleet_ws/install/drone_fleet/share/drone_fleet/launch/fleet.launch.py
-- Installing: /home/geet/Downloads/fleet_ws/install/drone_fleet/share/ament_index/resource_index/package_run_dependencies/drone_fleet
-- Installing: /home/geet/Downloads/fleet_ws/install/drone_fleet/share/ament_index/resource_index/parent_prefix_path/drone_fleet
-- Installing: /home/geet/Downloads/fleet_ws/install/drone_fleet/share/drone_fleet/environment/ament_prefix_path.sh
-- Installing: /home/geet/Downloads/fleet_ws/install/drone_fleet/share/drone_fleet/environment/ament_prefix_path.dsv
-- Installing: /home/geet/Downloads/fleet_ws/install/drone_fleet/share/drone_fleet/environment/path.sh
-- Installing: /home/geet/Downloads/fleet_ws/install/drone_fleet/share/drone_fleet/environment/path.dsv
-- Installing: /home/geet/Downloads/fleet_ws/install/drone_fleet/share/drone_fleet/local_setup.bash
-- Installing: /home/geet/Downloads/fleet_ws/install/drone_fleet/share/drone_fleet/local_setup.sh
-- Installing: /home/geet/Downloads/fleet_ws/install/drone_fleet/share/drone_fleet/local_setup.zsh
-- Installing: /home/geet/Downloads/fleet_ws/install/drone_fleet/share/drone_fleet/local_setup.dsv
-- Installing: /home/geet/Downloads/fleet_ws/install/drone_fleet/share/drone_fleet/package.dsv
-- Installing: /home/geet/Downloads/fleet_ws/install/drone_fleet/share/ament_index/resource_index/packages/drone_fleet
-- Installing: /home/geet/Downloads/fleet_ws/install/drone_fleet/share/drone_fleet/cmake/drone_fleetConfig.cmake
-- Installing: /home/geet/Downloads/fleet_ws/install/drone_fleet/share/drone_fleet/cmake/drone_fleetConfig-version.cmake
-- Installing: /home/geet/Downloads/fleet_ws/install/drone_fleet/share/drone_fleet/package.xml
